// Jest Snapshot v1, https://goo.gl/fbAQLP

exports[`Skatt page renders properly 1`] = `
ShallowWrapper {
  Symbol(enzyme.__root__): [Circular],
  Symbol(enzyme.__unrendered__): <Skatt />,
  Symbol(enzyme.__renderer__): Object {
    "batchedUpdates": [Function],
    "getNode": [Function],
    "render": [Function],
    "simulateError": [Function],
    "simulateEvent": [Function],
    "unmount": [Function],
  },
  Symbol(enzyme.__node__): Object {
    "instance": null,
    "key": undefined,
    "nodeType": "host",
    "props": Object {
      "children": Array [
        <Helpers />,
        <header>
          <h1>
            Skattekalkulator 2018
          </h1>
          <h3>
            Skattekalkulator for allminnelig lønnsintekt*
          </h3>
        </header>,
        <Input
          name="income"
          onChange={[Function]}
          title="Skriv inn din bruttoinntekt 2018:"
          type="text"
          value=""
        />,
        <Input
          checked={true}
          onChange={[Function]}
          titleright="Årlig"
          type="radio"
          value="YEARLY"
        />,
        <Input
          checked={false}
          onChange={[Function]}
          titleright="Månedlig"
          type="radio"
          value="MONTHLY"
        />,
        <br />,
        false,
        <hr />,
        <Input
          checked={false}
          onChange={[Function]}
          titleright="Rett til Finnmarksfradrags"
          type="checkbox"
          value="1000"
        />,
        <Input
          checked={false}
          onChange={[Function]}
          titleright="Gift"
          type="checkbox"
          value="1000"
        />,
        <br />,
        <Input
          name="formue"
          onChange={[Function]}
          text="Rente- og kapitalinntekter er typisk renten på bankinnskudd, avkastning på pengemarkedsfond og obligasjonsfond, samt gevinst ved salg av aksjer og aksjefond."
          title="Rente og kapitalinntekter"
          type="text"
          value=""
        />,
        <br />,
        <Input
          name="formue"
          onChange={[Function]}
          text="Det er netto formue som skal legges inn. Fra og med skatteåret 2017 er det visse formuesobjekter som får en verdsettingsrabatt, samt at disse får tilordnet gjeld. Det er formuen etter fradraget for verdsettingsrabatten, og reduksjonsbeløpet i gjeld som skal legges inn som nettoformue."
          title="Din netto formue"
          type="text"
          value=""
        />,
        <br />,
        <Input
          name="fradrag"
          onChange={[Function]}
          text="Standardfradragene beregnes automatisk. Men har du egne fradrag i tillegg, føres de opp her. De vanligste fradragene er renteutgifter til lån, foreldrefradrag (typisk barnehage og SFO inntil 25.000 kroner for første barn og 15.000 for påfølgende) og pendlerfradrag. Også tap ved salg av aksjer og aksjefond regnes med her."
          title="Fradrag (ikke minstefradrag "
          type="text"
          value=""
        />,
        <hr />,
        <TaxCalculations
          incomePr="YEARLY"
          stateFinnmark={false}
          stateFormue={0}
          stateFradrag={0}
          stateIncome={0}
          stateKapital={0}
          stateMarried={false}
          taxToPay={
            Object {
              "formueTotal": 0,
              "income": 0,
              "incomeMonthlyNetto": 0,
              "kommune": 0,
              "minstefradrag": 31800,
              "socialSecurityTax": 0,
              "stat": 0,
              "tax": 0,
              "taxBase": -86550,
              "taxBeforeTrinn": 0,
              "trinnTax": Object {
                "totalTrinnSkatt": 0,
                "trinnFour": 0,
                "trinnOne": 0,
                "trinnThree": 0,
                "trinnTwo": 0,
              },
            }
          }
        />,
      ],
    },
    "ref": null,
    "rendered": Array [
      Object {
        "instance": null,
        "key": undefined,
        "nodeType": "class",
        "props": Object {},
        "ref": null,
        "rendered": null,
        "type": [Function],
      },
      Object {
        "instance": null,
        "key": undefined,
        "nodeType": "host",
        "props": Object {
          "children": Array [
            <h1>
              Skattekalkulator 2018
            </h1>,
            <h3>
              Skattekalkulator for allminnelig lønnsintekt*
            </h3>,
          ],
        },
        "ref": null,
        "rendered": Array [
          Object {
            "instance": null,
            "key": undefined,
            "nodeType": "host",
            "props": Object {
              "children": "Skattekalkulator 2018",
            },
            "ref": null,
            "rendered": "Skattekalkulator 2018",
            "type": "h1",
          },
          Object {
            "instance": null,
            "key": undefined,
            "nodeType": "host",
            "props": Object {
              "children": "Skattekalkulator for allminnelig lønnsintekt*",
            },
            "ref": null,
            "rendered": "Skattekalkulator for allminnelig lønnsintekt*",
            "type": "h3",
          },
        ],
        "type": "header",
      },
      Object {
        "instance": null,
        "key": undefined,
        "nodeType": "function",
        "props": Object {
          "name": "income",
          "onChange": [Function],
          "title": "Skriv inn din bruttoinntekt 2018:",
          "type": "text",
          "value": "",
        },
        "ref": null,
        "rendered": null,
        "type": [Function],
      },
      Object {
        "instance": null,
        "key": undefined,
        "nodeType": "function",
        "props": Object {
          "checked": true,
          "onChange": [Function],
          "titleright": "Årlig",
          "type": "radio",
          "value": "YEARLY",
        },
        "ref": null,
        "rendered": null,
        "type": [Function],
      },
      Object {
        "instance": null,
        "key": undefined,
        "nodeType": "function",
        "props": Object {
          "checked": false,
          "onChange": [Function],
          "titleright": "Månedlig",
          "type": "radio",
          "value": "MONTHLY",
        },
        "ref": null,
        "rendered": null,
        "type": [Function],
      },
      Object {
        "instance": null,
        "key": undefined,
        "nodeType": "host",
        "props": Object {},
        "ref": null,
        "rendered": null,
        "type": "br",
      },
      false,
      Object {
        "instance": null,
        "key": undefined,
        "nodeType": "host",
        "props": Object {},
        "ref": null,
        "rendered": null,
        "type": "hr",
      },
      Object {
        "instance": null,
        "key": undefined,
        "nodeType": "function",
        "props": Object {
          "checked": false,
          "onChange": [Function],
          "titleright": "Rett til Finnmarksfradrags",
          "type": "checkbox",
          "value": "1000",
        },
        "ref": null,
        "rendered": null,
        "type": [Function],
      },
      Object {
        "instance": null,
        "key": undefined,
        "nodeType": "function",
        "props": Object {
          "checked": false,
          "onChange": [Function],
          "titleright": "Gift",
          "type": "checkbox",
          "value": "1000",
        },
        "ref": null,
        "rendered": null,
        "type": [Function],
      },
      Object {
        "instance": null,
        "key": undefined,
        "nodeType": "host",
        "props": Object {},
        "ref": null,
        "rendered": null,
        "type": "br",
      },
      Object {
        "instance": null,
        "key": undefined,
        "nodeType": "function",
        "props": Object {
          "name": "formue",
          "onChange": [Function],
          "text": "Rente- og kapitalinntekter er typisk renten på bankinnskudd, avkastning på pengemarkedsfond og obligasjonsfond, samt gevinst ved salg av aksjer og aksjefond.",
          "title": "Rente og kapitalinntekter",
          "type": "text",
          "value": "",
        },
        "ref": null,
        "rendered": null,
        "type": [Function],
      },
      Object {
        "instance": null,
        "key": undefined,
        "nodeType": "host",
        "props": Object {},
        "ref": null,
        "rendered": null,
        "type": "br",
      },
      Object {
        "instance": null,
        "key": undefined,
        "nodeType": "function",
        "props": Object {
          "name": "formue",
          "onChange": [Function],
          "text": "Det er netto formue som skal legges inn. Fra og med skatteåret 2017 er det visse formuesobjekter som får en verdsettingsrabatt, samt at disse får tilordnet gjeld. Det er formuen etter fradraget for verdsettingsrabatten, og reduksjonsbeløpet i gjeld som skal legges inn som nettoformue.",
          "title": "Din netto formue",
          "type": "text",
          "value": "",
        },
        "ref": null,
        "rendered": null,
        "type": [Function],
      },
      Object {
        "instance": null,
        "key": undefined,
        "nodeType": "host",
        "props": Object {},
        "ref": null,
        "rendered": null,
        "type": "br",
      },
      Object {
        "instance": null,
        "key": undefined,
        "nodeType": "function",
        "props": Object {
          "name": "fradrag",
          "onChange": [Function],
          "text": "Standardfradragene beregnes automatisk. Men har du egne fradrag i tillegg, føres de opp her. De vanligste fradragene er renteutgifter til lån, foreldrefradrag (typisk barnehage og SFO inntil 25.000 kroner for første barn og 15.000 for påfølgende) og pendlerfradrag. Også tap ved salg av aksjer og aksjefond regnes med her.",
          "title": "Fradrag (ikke minstefradrag ",
          "type": "text",
          "value": "",
        },
        "ref": null,
        "rendered": null,
        "type": [Function],
      },
      Object {
        "instance": null,
        "key": undefined,
        "nodeType": "host",
        "props": Object {},
        "ref": null,
        "rendered": null,
        "type": "hr",
      },
      Object {
        "instance": null,
        "key": undefined,
        "nodeType": "function",
        "props": Object {
          "incomePr": "YEARLY",
          "stateFinnmark": false,
          "stateFormue": 0,
          "stateFradrag": 0,
          "stateIncome": 0,
          "stateKapital": 0,
          "stateMarried": false,
          "taxToPay": Object {
            "formueTotal": 0,
            "income": 0,
            "incomeMonthlyNetto": 0,
            "kommune": 0,
            "minstefradrag": 31800,
            "socialSecurityTax": 0,
            "stat": 0,
            "tax": 0,
            "taxBase": -86550,
            "taxBeforeTrinn": 0,
            "trinnTax": Object {
              "totalTrinnSkatt": 0,
              "trinnFour": 0,
              "trinnOne": 0,
              "trinnThree": 0,
              "trinnTwo": 0,
            },
          },
        },
        "ref": null,
        "rendered": null,
        "type": [Function],
      },
    ],
    "type": "div",
  },
  Symbol(enzyme.__nodes__): Array [
    Object {
      "instance": null,
      "key": undefined,
      "nodeType": "host",
      "props": Object {
        "children": Array [
          <Helpers />,
          <header>
            <h1>
              Skattekalkulator 2018
            </h1>
            <h3>
              Skattekalkulator for allminnelig lønnsintekt*
            </h3>
          </header>,
          <Input
            name="income"
            onChange={[Function]}
            title="Skriv inn din bruttoinntekt 2018:"
            type="text"
            value=""
          />,
          <Input
            checked={true}
            onChange={[Function]}
            titleright="Årlig"
            type="radio"
            value="YEARLY"
          />,
          <Input
            checked={false}
            onChange={[Function]}
            titleright="Månedlig"
            type="radio"
            value="MONTHLY"
          />,
          <br />,
          false,
          <hr />,
          <Input
            checked={false}
            onChange={[Function]}
            titleright="Rett til Finnmarksfradrags"
            type="checkbox"
            value="1000"
          />,
          <Input
            checked={false}
            onChange={[Function]}
            titleright="Gift"
            type="checkbox"
            value="1000"
          />,
          <br />,
          <Input
            name="formue"
            onChange={[Function]}
            text="Rente- og kapitalinntekter er typisk renten på bankinnskudd, avkastning på pengemarkedsfond og obligasjonsfond, samt gevinst ved salg av aksjer og aksjefond."
            title="Rente og kapitalinntekter"
            type="text"
            value=""
          />,
          <br />,
          <Input
            name="formue"
            onChange={[Function]}
            text="Det er netto formue som skal legges inn. Fra og med skatteåret 2017 er det visse formuesobjekter som får en verdsettingsrabatt, samt at disse får tilordnet gjeld. Det er formuen etter fradraget for verdsettingsrabatten, og reduksjonsbeløpet i gjeld som skal legges inn som nettoformue."
            title="Din netto formue"
            type="text"
            value=""
          />,
          <br />,
          <Input
            name="fradrag"
            onChange={[Function]}
            text="Standardfradragene beregnes automatisk. Men har du egne fradrag i tillegg, føres de opp her. De vanligste fradragene er renteutgifter til lån, foreldrefradrag (typisk barnehage og SFO inntil 25.000 kroner for første barn og 15.000 for påfølgende) og pendlerfradrag. Også tap ved salg av aksjer og aksjefond regnes med her."
            title="Fradrag (ikke minstefradrag "
            type="text"
            value=""
          />,
          <hr />,
          <TaxCalculations
            incomePr="YEARLY"
            stateFinnmark={false}
            stateFormue={0}
            stateFradrag={0}
            stateIncome={0}
            stateKapital={0}
            stateMarried={false}
            taxToPay={
              Object {
                "formueTotal": 0,
                "income": 0,
                "incomeMonthlyNetto": 0,
                "kommune": 0,
                "minstefradrag": 31800,
                "socialSecurityTax": 0,
                "stat": 0,
                "tax": 0,
                "taxBase": -86550,
                "taxBeforeTrinn": 0,
                "trinnTax": Object {
                  "totalTrinnSkatt": 0,
                  "trinnFour": 0,
                  "trinnOne": 0,
                  "trinnThree": 0,
                  "trinnTwo": 0,
                },
              }
            }
          />,
        ],
      },
      "ref": null,
      "rendered": Array [
        Object {
          "instance": null,
          "key": undefined,
          "nodeType": "class",
          "props": Object {},
          "ref": null,
          "rendered": null,
          "type": [Function],
        },
        Object {
          "instance": null,
          "key": undefined,
          "nodeType": "host",
          "props": Object {
            "children": Array [
              <h1>
                Skattekalkulator 2018
              </h1>,
              <h3>
                Skattekalkulator for allminnelig lønnsintekt*
              </h3>,
            ],
          },
          "ref": null,
          "rendered": Array [
            Object {
              "instance": null,
              "key": undefined,
              "nodeType": "host",
              "props": Object {
                "children": "Skattekalkulator 2018",
              },
              "ref": null,
              "rendered": "Skattekalkulator 2018",
              "type": "h1",
            },
            Object {
              "instance": null,
              "key": undefined,
              "nodeType": "host",
              "props": Object {
                "children": "Skattekalkulator for allminnelig lønnsintekt*",
              },
              "ref": null,
              "rendered": "Skattekalkulator for allminnelig lønnsintekt*",
              "type": "h3",
            },
          ],
          "type": "header",
        },
        Object {
          "instance": null,
          "key": undefined,
          "nodeType": "function",
          "props": Object {
            "name": "income",
            "onChange": [Function],
            "title": "Skriv inn din bruttoinntekt 2018:",
            "type": "text",
            "value": "",
          },
          "ref": null,
          "rendered": null,
          "type": [Function],
        },
        Object {
          "instance": null,
          "key": undefined,
          "nodeType": "function",
          "props": Object {
            "checked": true,
            "onChange": [Function],
            "titleright": "Årlig",
            "type": "radio",
            "value": "YEARLY",
          },
          "ref": null,
          "rendered": null,
          "type": [Function],
        },
        Object {
          "instance": null,
          "key": undefined,
          "nodeType": "function",
          "props": Object {
            "checked": false,
            "onChange": [Function],
            "titleright": "Månedlig",
            "type": "radio",
            "value": "MONTHLY",
          },
          "ref": null,
          "rendered": null,
          "type": [Function],
        },
        Object {
          "instance": null,
          "key": undefined,
          "nodeType": "host",
          "props": Object {},
          "ref": null,
          "rendered": null,
          "type": "br",
        },
        false,
        Object {
          "instance": null,
          "key": undefined,
          "nodeType": "host",
          "props": Object {},
          "ref": null,
          "rendered": null,
          "type": "hr",
        },
        Object {
          "instance": null,
          "key": undefined,
          "nodeType": "function",
          "props": Object {
            "checked": false,
            "onChange": [Function],
            "titleright": "Rett til Finnmarksfradrags",
            "type": "checkbox",
            "value": "1000",
          },
          "ref": null,
          "rendered": null,
          "type": [Function],
        },
        Object {
          "instance": null,
          "key": undefined,
          "nodeType": "function",
          "props": Object {
            "checked": false,
            "onChange": [Function],
            "titleright": "Gift",
            "type": "checkbox",
            "value": "1000",
          },
          "ref": null,
          "rendered": null,
          "type": [Function],
        },
        Object {
          "instance": null,
          "key": undefined,
          "nodeType": "host",
          "props": Object {},
          "ref": null,
          "rendered": null,
          "type": "br",
        },
        Object {
          "instance": null,
          "key": undefined,
          "nodeType": "function",
          "props": Object {
            "name": "formue",
            "onChange": [Function],
            "text": "Rente- og kapitalinntekter er typisk renten på bankinnskudd, avkastning på pengemarkedsfond og obligasjonsfond, samt gevinst ved salg av aksjer og aksjefond.",
            "title": "Rente og kapitalinntekter",
            "type": "text",
            "value": "",
          },
          "ref": null,
          "rendered": null,
          "type": [Function],
        },
        Object {
          "instance": null,
          "key": undefined,
          "nodeType": "host",
          "props": Object {},
          "ref": null,
          "rendered": null,
          "type": "br",
        },
        Object {
          "instance": null,
          "key": undefined,
          "nodeType": "function",
          "props": Object {
            "name": "formue",
            "onChange": [Function],
            "text": "Det er netto formue som skal legges inn. Fra og med skatteåret 2017 er det visse formuesobjekter som får en verdsettingsrabatt, samt at disse får tilordnet gjeld. Det er formuen etter fradraget for verdsettingsrabatten, og reduksjonsbeløpet i gjeld som skal legges inn som nettoformue.",
            "title": "Din netto formue",
            "type": "text",
            "value": "",
          },
          "ref": null,
          "rendered": null,
          "type": [Function],
        },
        Object {
          "instance": null,
          "key": undefined,
          "nodeType": "host",
          "props": Object {},
          "ref": null,
          "rendered": null,
          "type": "br",
        },
        Object {
          "instance": null,
          "key": undefined,
          "nodeType": "function",
          "props": Object {
            "name": "fradrag",
            "onChange": [Function],
            "text": "Standardfradragene beregnes automatisk. Men har du egne fradrag i tillegg, føres de opp her. De vanligste fradragene er renteutgifter til lån, foreldrefradrag (typisk barnehage og SFO inntil 25.000 kroner for første barn og 15.000 for påfølgende) og pendlerfradrag. Også tap ved salg av aksjer og aksjefond regnes med her.",
            "title": "Fradrag (ikke minstefradrag ",
            "type": "text",
            "value": "",
          },
          "ref": null,
          "rendered": null,
          "type": [Function],
        },
        Object {
          "instance": null,
          "key": undefined,
          "nodeType": "host",
          "props": Object {},
          "ref": null,
          "rendered": null,
          "type": "hr",
        },
        Object {
          "instance": null,
          "key": undefined,
          "nodeType": "function",
          "props": Object {
            "incomePr": "YEARLY",
            "stateFinnmark": false,
            "stateFormue": 0,
            "stateFradrag": 0,
            "stateIncome": 0,
            "stateKapital": 0,
            "stateMarried": false,
            "taxToPay": Object {
              "formueTotal": 0,
              "income": 0,
              "incomeMonthlyNetto": 0,
              "kommune": 0,
              "minstefradrag": 31800,
              "socialSecurityTax": 0,
              "stat": 0,
              "tax": 0,
              "taxBase": -86550,
              "taxBeforeTrinn": 0,
              "trinnTax": Object {
                "totalTrinnSkatt": 0,
                "trinnFour": 0,
                "trinnOne": 0,
                "trinnThree": 0,
                "trinnTwo": 0,
              },
            },
          },
          "ref": null,
          "rendered": null,
          "type": [Function],
        },
      ],
      "type": "div",
    },
  ],
  Symbol(enzyme.__options__): Object {
    "adapter": ReactSixteenAdapter {
      "options": Object {
        "enableComponentDidUpdateOnSetState": true,
        "lifecycles": Object {
          "componentDidUpdate": Object {
            "onSetState": true,
          },
          "getDerivedStateFromProps": true,
          "getSnapshotBeforeUpdate": true,
          "setState": Object {
            "skipsComponentDidUpdateOnNullish": true,
          },
        },
      },
    },
  },
}
`;
